---
http_interactions:
- request:
    method: post
    uri: http://bitcoinrpc:thisisjustapasswordfortesting@localhost:19001/
    body:
      encoding: UTF-8
      string: '{"method":"getnewaddress","params":[""],"id":"jsonrpc"}'
    headers:
      Accept:
      - "*/*; q=0.5, application/xml"
      Accept-Encoding:
      - gzip, deflate
      Content-Type:
      - application/json
      Content-Length:
      - '55'
      User-Agent:
      - Ruby
  response:
    status:
      code: 200
      message: OK
    headers:
      Date:
      - Sun, 24 Aug 2014 06:46:18 +0000
      Connection:
      - keep-alive
      Content-Length:
      - '76'
      Content-Type:
      - application/json
      Server:
      - bitcoin-json-rpc/v0.9.2.1-g354c0f3-beta
    body:
      encoding: UTF-8
      string: |
        {"result":"muG4QrN3qRFaGArbWPAqwgKr85Rdb1BHnM","error":null,"id":"jsonrpc"}
    http_version: 
  recorded_at: Sun, 24 Aug 2014 06:46:18 GMT
- request:
    method: post
    uri: http://bitcoinrpc:thisisjustapasswordfortesting@localhost:19001/
    body:
      encoding: UTF-8
      string: '{"method":"getnewaddress","params":["1"],"id":"jsonrpc"}'
    headers:
      Accept:
      - "*/*; q=0.5, application/xml"
      Accept-Encoding:
      - gzip, deflate
      Content-Type:
      - application/json
      Content-Length:
      - '56'
      User-Agent:
      - Ruby
  response:
    status:
      code: 200
      message: OK
    headers:
      Date:
      - Sun, 24 Aug 2014 06:46:18 +0000
      Connection:
      - keep-alive
      Content-Length:
      - '76'
      Content-Type:
      - application/json
      Server:
      - bitcoin-json-rpc/v0.9.2.1-g354c0f3-beta
    body:
      encoding: UTF-8
      string: |
        {"result":"mzRXpNsorJRSBvv8qBMgDDmaS4KB5VUJmi","error":null,"id":"jsonrpc"}
    http_version: 
  recorded_at: Sun, 24 Aug 2014 06:46:18 GMT
- request:
    method: post
    uri: http://bitcoinrpc:thisisjustapasswordfortesting@localhost:19001/
    body:
      encoding: UTF-8
      string: '{"method":"sendfrom","params":["","mzRXpNsorJRSBvv8qBMgDDmaS4KB5VUJmi",1,0],"id":"jsonrpc"}'
    headers:
      Accept:
      - "*/*; q=0.5, application/xml"
      Accept-Encoding:
      - gzip, deflate
      Content-Type:
      - application/json
      Content-Length:
      - '91'
      User-Agent:
      - Ruby
  response:
    status:
      code: 200
      message: OK
    headers:
      Date:
      - Sun, 24 Aug 2014 06:46:18 +0000
      Connection:
      - keep-alive
      Content-Length:
      - '106'
      Content-Type:
      - application/json
      Server:
      - bitcoin-json-rpc/v0.9.2.1-g354c0f3-beta
    body:
      encoding: UTF-8
      string: |
        {"result":"54ed24192af423c9643c788e5bc1ae12ae11e907b8accf652ca666c2d3fa8980","error":null,"id":"jsonrpc"}
    http_version: 
  recorded_at: Sun, 24 Aug 2014 06:46:18 GMT
- request:
    method: post
    uri: http://bitcoinrpc:thisisjustapasswordfortesting@localhost:19001/
    body:
      encoding: UTF-8
      string: '{"method":"sendfrom","params":["","mzRXpNsorJRSBvv8qBMgDDmaS4KB5VUJmi",2,0],"id":"jsonrpc"}'
    headers:
      Accept:
      - "*/*; q=0.5, application/xml"
      Accept-Encoding:
      - gzip, deflate
      Content-Type:
      - application/json
      Content-Length:
      - '91'
      User-Agent:
      - Ruby
  response:
    status:
      code: 200
      message: OK
    headers:
      Date:
      - Sun, 24 Aug 2014 06:46:18 +0000
      Connection:
      - keep-alive
      Content-Length:
      - '106'
      Content-Type:
      - application/json
      Server:
      - bitcoin-json-rpc/v0.9.2.1-g354c0f3-beta
    body:
      encoding: UTF-8
      string: |
        {"result":"dd72804d0a8dcc73b01015de035efe6b12b1fb9ca0e34507980bd5c8e481617f","error":null,"id":"jsonrpc"}
    http_version: 
  recorded_at: Sun, 24 Aug 2014 06:46:18 GMT
- request:
    method: post
    uri: http://bitcoinrpc:thisisjustapasswordfortesting@localhost:19001/
    body:
      encoding: UTF-8
      string: '{"method":"sendfrom","params":["","mzRXpNsorJRSBvv8qBMgDDmaS4KB5VUJmi",3,0],"id":"jsonrpc"}'
    headers:
      Accept:
      - "*/*; q=0.5, application/xml"
      Accept-Encoding:
      - gzip, deflate
      Content-Type:
      - application/json
      Content-Length:
      - '91'
      User-Agent:
      - Ruby
  response:
    status:
      code: 200
      message: OK
    headers:
      Date:
      - Sun, 24 Aug 2014 06:46:18 +0000
      Connection:
      - keep-alive
      Content-Length:
      - '106'
      Content-Type:
      - application/json
      Server:
      - bitcoin-json-rpc/v0.9.2.1-g354c0f3-beta
    body:
      encoding: UTF-8
      string: |
        {"result":"35b07196d4b6fb0057db1fe12db9425bbf9212ad2a985333c01c3b4a09745b37","error":null,"id":"jsonrpc"}
    http_version: 
  recorded_at: Sun, 24 Aug 2014 06:46:18 GMT
- request:
    method: post
    uri: http://bitcoinrpc:thisisjustapasswordfortesting@localhost:19001/
    body:
      encoding: UTF-8
      string: '{"method":"sendfrom","params":["","mzRXpNsorJRSBvv8qBMgDDmaS4KB5VUJmi",4,0],"id":"jsonrpc"}'
    headers:
      Accept:
      - "*/*; q=0.5, application/xml"
      Accept-Encoding:
      - gzip, deflate
      Content-Type:
      - application/json
      Content-Length:
      - '91'
      User-Agent:
      - Ruby
  response:
    status:
      code: 200
      message: OK
    headers:
      Date:
      - Sun, 24 Aug 2014 06:46:18 +0000
      Connection:
      - keep-alive
      Content-Length:
      - '106'
      Content-Type:
      - application/json
      Server:
      - bitcoin-json-rpc/v0.9.2.1-g354c0f3-beta
    body:
      encoding: UTF-8
      string: |
        {"result":"6398313422466463be3ad6048e50b95a587627b7c62e672c55a56f190c40d81b","error":null,"id":"jsonrpc"}
    http_version: 
  recorded_at: Sun, 24 Aug 2014 06:46:18 GMT
- request:
    method: post
    uri: http://bitcoinrpc:thisisjustapasswordfortesting@localhost:19001/
    body:
      encoding: UTF-8
      string: '{"method":"sendfrom","params":["","mzRXpNsorJRSBvv8qBMgDDmaS4KB5VUJmi",5,0],"id":"jsonrpc"}'
    headers:
      Accept:
      - "*/*; q=0.5, application/xml"
      Accept-Encoding:
      - gzip, deflate
      Content-Type:
      - application/json
      Content-Length:
      - '91'
      User-Agent:
      - Ruby
  response:
    status:
      code: 200
      message: OK
    headers:
      Date:
      - Sun, 24 Aug 2014 06:46:18 +0000
      Connection:
      - keep-alive
      Content-Length:
      - '106'
      Content-Type:
      - application/json
      Server:
      - bitcoin-json-rpc/v0.9.2.1-g354c0f3-beta
    body:
      encoding: UTF-8
      string: |
        {"result":"edc7a87570a86ee6631bd22127fa3cb6a1addef65d35b6b3ca0efe24baea6463","error":null,"id":"jsonrpc"}
    http_version: 
  recorded_at: Sun, 24 Aug 2014 06:46:18 GMT
- request:
    method: post
    uri: http://bitcoinrpc:thisisjustapasswordfortesting@localhost:19001/
    body:
      encoding: UTF-8
      string: '{"method":"sendfrom","params":["","mzRXpNsorJRSBvv8qBMgDDmaS4KB5VUJmi",6,0],"id":"jsonrpc"}'
    headers:
      Accept:
      - "*/*; q=0.5, application/xml"
      Accept-Encoding:
      - gzip, deflate
      Content-Type:
      - application/json
      Content-Length:
      - '91'
      User-Agent:
      - Ruby
  response:
    status:
      code: 200
      message: OK
    headers:
      Date:
      - Sun, 24 Aug 2014 06:46:18 +0000
      Connection:
      - keep-alive
      Content-Length:
      - '106'
      Content-Type:
      - application/json
      Server:
      - bitcoin-json-rpc/v0.9.2.1-g354c0f3-beta
    body:
      encoding: UTF-8
      string: |
        {"result":"ec856ba14f892cb6aa329162eb38b4998565de6f67fe04e2d359c9d4fc9f8056","error":null,"id":"jsonrpc"}
    http_version: 
  recorded_at: Sun, 24 Aug 2014 06:46:18 GMT
- request:
    method: post
    uri: http://bitcoinrpc:thisisjustapasswordfortesting@localhost:19001/
    body:
      encoding: UTF-8
      string: '{"method":"sendfrom","params":["","mzRXpNsorJRSBvv8qBMgDDmaS4KB5VUJmi",7,0],"id":"jsonrpc"}'
    headers:
      Accept:
      - "*/*; q=0.5, application/xml"
      Accept-Encoding:
      - gzip, deflate
      Content-Type:
      - application/json
      Content-Length:
      - '91'
      User-Agent:
      - Ruby
  response:
    status:
      code: 200
      message: OK
    headers:
      Date:
      - Sun, 24 Aug 2014 06:46:18 +0000
      Connection:
      - keep-alive
      Content-Length:
      - '106'
      Content-Type:
      - application/json
      Server:
      - bitcoin-json-rpc/v0.9.2.1-g354c0f3-beta
    body:
      encoding: UTF-8
      string: |
        {"result":"446d7ffdd70c8d0ab3dd77374227b5d84f56819eff701d8e9959f43cdfec8c38","error":null,"id":"jsonrpc"}
    http_version: 
  recorded_at: Sun, 24 Aug 2014 06:46:18 GMT
- request:
    method: post
    uri: http://bitcoinrpc:thisisjustapasswordfortesting@localhost:19001/
    body:
      encoding: UTF-8
      string: '{"method":"sendfrom","params":["","mzRXpNsorJRSBvv8qBMgDDmaS4KB5VUJmi",8,0],"id":"jsonrpc"}'
    headers:
      Accept:
      - "*/*; q=0.5, application/xml"
      Accept-Encoding:
      - gzip, deflate
      Content-Type:
      - application/json
      Content-Length:
      - '91'
      User-Agent:
      - Ruby
  response:
    status:
      code: 200
      message: OK
    headers:
      Date:
      - Sun, 24 Aug 2014 06:46:18 +0000
      Connection:
      - keep-alive
      Content-Length:
      - '106'
      Content-Type:
      - application/json
      Server:
      - bitcoin-json-rpc/v0.9.2.1-g354c0f3-beta
    body:
      encoding: UTF-8
      string: |
        {"result":"29c84ce02cae29f38df484dd3d6c3f0c96cdfc6b956de380515133e998b655d3","error":null,"id":"jsonrpc"}
    http_version: 
  recorded_at: Sun, 24 Aug 2014 06:46:18 GMT
- request:
    method: post
    uri: http://bitcoinrpc:thisisjustapasswordfortesting@localhost:19001/
    body:
      encoding: UTF-8
      string: '{"method":"listtransactions","params":["1",6],"id":"jsonrpc"}'
    headers:
      Accept:
      - "*/*; q=0.5, application/xml"
      Accept-Encoding:
      - gzip, deflate
      Content-Type:
      - application/json
      Content-Length:
      - '61'
      User-Agent:
      - Ruby
  response:
    status:
      code: 200
      message: OK
    headers:
      Date:
      - Sun, 24 Aug 2014 06:46:18 +0000
      Connection:
      - keep-alive
      Content-Length:
      - '1607'
      Content-Type:
      - application/json
      Server:
      - bitcoin-json-rpc/v0.9.2.1-g354c0f3-beta
    body:
      encoding: UTF-8
      string: |
        {"result":[{"account":"1","address":"mzRXpNsorJRSBvv8qBMgDDmaS4KB5VUJmi","category":"receive","amount":3.00000000,"confirmations":0,"txid":"35b07196d4b6fb0057db1fe12db9425bbf9212ad2a985333c01c3b4a09745b37","walletconflicts":[],"time":1408862778,"timereceived":1408862778},{"account":"1","address":"mzRXpNsorJRSBvv8qBMgDDmaS4KB5VUJmi","category":"receive","amount":4.00000000,"confirmations":0,"txid":"6398313422466463be3ad6048e50b95a587627b7c62e672c55a56f190c40d81b","walletconflicts":[],"time":1408862778,"timereceived":1408862778},{"account":"1","address":"mzRXpNsorJRSBvv8qBMgDDmaS4KB5VUJmi","category":"receive","amount":5.00000000,"confirmations":0,"txid":"edc7a87570a86ee6631bd22127fa3cb6a1addef65d35b6b3ca0efe24baea6463","walletconflicts":[],"time":1408862778,"timereceived":1408862778},{"account":"1","address":"mzRXpNsorJRSBvv8qBMgDDmaS4KB5VUJmi","category":"receive","amount":6.00000000,"confirmations":0,"txid":"ec856ba14f892cb6aa329162eb38b4998565de6f67fe04e2d359c9d4fc9f8056","walletconflicts":[],"time":1408862778,"timereceived":1408862778},{"account":"1","address":"mzRXpNsorJRSBvv8qBMgDDmaS4KB5VUJmi","category":"receive","amount":7.00000000,"confirmations":0,"txid":"446d7ffdd70c8d0ab3dd77374227b5d84f56819eff701d8e9959f43cdfec8c38","walletconflicts":[],"time":1408862778,"timereceived":1408862778},{"account":"1","address":"mzRXpNsorJRSBvv8qBMgDDmaS4KB5VUJmi","category":"receive","amount":8.00000000,"confirmations":0,"txid":"29c84ce02cae29f38df484dd3d6c3f0c96cdfc6b956de380515133e998b655d3","walletconflicts":[],"time":1408862778,"timereceived":1408862778}],"error":null,"id":"jsonrpc"}
    http_version: 
  recorded_at: Sun, 24 Aug 2014 06:46:18 GMT
recorded_with: VCR 2.8.0
